// Jest Snapshot v1, https://goo.gl/fbAQLP

exports[`renders correctly 1`] = `
<form
  className="search"
  id="search"
  onSubmit={[Function]}
>
  <input
    className="search__input"
    form="search"
    onChange={[Function]}
    placeholder="Search..."
    type="search"
    value=""
  />
  <button
    className="search__btn"
    type="submit"
  >
    âŒ•
  </button>
</form>
`;
