// Jest Snapshot v1, https://goo.gl/fbAQLP

exports[`renders correctly 1`] = `
<header
  className="header"
>
  <h2
    className="header__logo"
  >
    FILMS
  </h2>
  <Memo(Connect(SearchInputContainer)) />
</header>
`;
